// Jest Snapshot v1, https://goo.gl/fbAQLP

exports[`renders \`personal-information\` component 1`] = `ShallowWrapper {}`;
